--------------------------------------------------------------------------------
Release 14.7 Trace  (nt64)
Copyright (c) 1995-2013 Xilinx, Inc.  All rights reserved.

D:\Xilinx\14.7\ISE_DS\ISE\bin\nt64\unwrapped\trce.exe -intstyle ise -o
mojo_top_0.twr -v 30 -l 30 mojo_top_0_routed.ncd mojo_top_0.pcf

Design file:              mojo_top_0_routed.ncd
Physical constraint file: mojo_top_0.pcf
Device,package,speed:     xc6slx9,tqg144,C,-2 (PRODUCTION 1.23 2013-10-13)
Report level:             verbose report, limited to 30 items per constraint

Environment Variable      Effect 
--------------------      ------ 
NONE                      No environment variables were set
--------------------------------------------------------------------------------

INFO:Timing:2698 - No timing constraints found, doing default enumeration.
INFO:Timing:3412 - To improve timing, see the Timing Closure User Guide (UG612).
INFO:Timing:2752 - To get complete path coverage, use the unconstrained paths 
   option. All paths that are not constrained will be reported in the 
   unconstrained paths section(s) of the report.
INFO:Timing:3339 - The clock-to-out numbers in this timing report are based on 
   a 50 Ohm transmission line loading model.  For the details of this model, 
   and for more information on accounting for different loading conditions, 
   please see the device datasheet.



Data Sheet report:
-----------------
All values displayed in nanoseconds (ns)

Pad to Pad
---------------+---------------+---------+
Source Pad     |Destination Pad|  Delay  |
---------------+---------------+---------+
io_dip[0]      |io_led[0]      |   10.332|
io_dip[0]      |led[0]         |   35.537|
io_dip[0]      |led[1]         |   35.541|
io_dip[0]      |led[2]         |   35.713|
io_dip[0]      |led[3]         |   35.684|
io_dip[0]      |led[4]         |   35.441|
io_dip[0]      |led[5]         |   35.500|
io_dip[0]      |led[6]         |   35.345|
io_dip[0]      |led[7]         |   35.351|
io_dip[1]      |io_led[1]      |    9.842|
io_dip[1]      |led[0]         |   34.964|
io_dip[1]      |led[1]         |   34.968|
io_dip[1]      |led[2]         |   35.140|
io_dip[1]      |led[3]         |   35.111|
io_dip[1]      |led[4]         |   34.868|
io_dip[1]      |led[5]         |   34.927|
io_dip[1]      |led[6]         |   34.772|
io_dip[1]      |led[7]         |   34.778|
io_dip[2]      |io_led[2]      |   10.390|
io_dip[2]      |led[0]         |   35.007|
io_dip[2]      |led[1]         |   35.011|
io_dip[2]      |led[2]         |   35.183|
io_dip[2]      |led[3]         |   35.154|
io_dip[2]      |led[4]         |   34.911|
io_dip[2]      |led[5]         |   34.970|
io_dip[2]      |led[6]         |   34.815|
io_dip[2]      |led[7]         |   34.821|
io_dip[3]      |io_led[3]      |   11.207|
io_dip[3]      |led[0]         |   35.567|
io_dip[3]      |led[1]         |   35.571|
io_dip[3]      |led[2]         |   35.743|
io_dip[3]      |led[3]         |   35.714|
io_dip[3]      |led[4]         |   35.471|
io_dip[3]      |led[5]         |   35.530|
io_dip[3]      |led[6]         |   35.375|
io_dip[3]      |led[7]         |   35.381|
io_dip[4]      |io_led[4]      |   10.517|
io_dip[4]      |led[0]         |   35.821|
io_dip[4]      |led[1]         |   35.825|
io_dip[4]      |led[2]         |   35.997|
io_dip[4]      |led[3]         |   35.968|
io_dip[4]      |led[4]         |   35.725|
io_dip[4]      |led[5]         |   35.784|
io_dip[4]      |led[6]         |   35.629|
io_dip[4]      |led[7]         |   35.635|
io_dip[5]      |io_led[5]      |   10.793|
io_dip[5]      |led[0]         |   35.675|
io_dip[5]      |led[1]         |   35.679|
io_dip[5]      |led[2]         |   35.851|
io_dip[5]      |led[3]         |   35.822|
io_dip[5]      |led[4]         |   35.579|
io_dip[5]      |led[5]         |   35.638|
io_dip[5]      |led[6]         |   35.483|
io_dip[5]      |led[7]         |   35.489|
io_dip[6]      |io_led[6]      |   10.501|
io_dip[6]      |led[0]         |   35.644|
io_dip[6]      |led[1]         |   35.648|
io_dip[6]      |led[2]         |   35.820|
io_dip[6]      |led[3]         |   35.791|
io_dip[6]      |led[4]         |   35.548|
io_dip[6]      |led[5]         |   35.607|
io_dip[6]      |led[6]         |   35.452|
io_dip[6]      |led[7]         |   35.458|
io_dip[7]      |io_led[7]      |   10.911|
io_dip[7]      |led[0]         |   35.670|
io_dip[7]      |led[1]         |   35.674|
io_dip[7]      |led[2]         |   35.846|
io_dip[7]      |led[3]         |   35.817|
io_dip[7]      |led[4]         |   35.574|
io_dip[7]      |led[5]         |   35.633|
io_dip[7]      |led[6]         |   35.478|
io_dip[7]      |led[7]         |   35.484|
io_dip[8]      |io_led[8]      |   10.494|
io_dip[8]      |led[0]         |   21.690|
io_dip[8]      |led[1]         |   21.694|
io_dip[8]      |led[2]         |   21.866|
io_dip[8]      |led[3]         |   21.837|
io_dip[8]      |led[4]         |   21.594|
io_dip[8]      |led[5]         |   21.653|
io_dip[8]      |led[6]         |   21.498|
io_dip[8]      |led[7]         |   21.504|
io_dip[9]      |io_led[9]      |   10.659|
io_dip[9]      |led[0]         |   23.391|
io_dip[9]      |led[1]         |   23.395|
io_dip[9]      |led[2]         |   23.567|
io_dip[9]      |led[3]         |   23.538|
io_dip[9]      |led[4]         |   23.295|
io_dip[9]      |led[5]         |   23.354|
io_dip[9]      |led[6]         |   23.199|
io_dip[9]      |led[7]         |   23.205|
io_dip[10]     |io_led[10]     |   10.814|
io_dip[10]     |led[0]         |   26.837|
io_dip[10]     |led[1]         |   26.841|
io_dip[10]     |led[2]         |   27.013|
io_dip[10]     |led[3]         |   26.984|
io_dip[10]     |led[4]         |   26.741|
io_dip[10]     |led[5]         |   26.800|
io_dip[10]     |led[6]         |   26.645|
io_dip[10]     |led[7]         |   26.651|
io_dip[11]     |io_led[11]     |   10.804|
io_dip[11]     |led[0]         |   29.421|
io_dip[11]     |led[1]         |   29.425|
io_dip[11]     |led[2]         |   29.597|
io_dip[11]     |led[3]         |   29.568|
io_dip[11]     |led[4]         |   29.325|
io_dip[11]     |led[5]         |   29.384|
io_dip[11]     |led[6]         |   29.229|
io_dip[11]     |led[7]         |   29.235|
io_dip[12]     |io_led[12]     |   10.717|
io_dip[12]     |led[0]         |   32.118|
io_dip[12]     |led[1]         |   32.122|
io_dip[12]     |led[2]         |   32.294|
io_dip[12]     |led[3]         |   32.265|
io_dip[12]     |led[4]         |   32.022|
io_dip[12]     |led[5]         |   32.081|
io_dip[12]     |led[6]         |   31.926|
io_dip[12]     |led[7]         |   31.932|
io_dip[13]     |io_led[13]     |   10.525|
io_dip[13]     |led[0]         |   34.207|
io_dip[13]     |led[1]         |   34.211|
io_dip[13]     |led[2]         |   34.383|
io_dip[13]     |led[3]         |   34.354|
io_dip[13]     |led[4]         |   34.111|
io_dip[13]     |led[5]         |   34.170|
io_dip[13]     |led[6]         |   34.015|
io_dip[13]     |led[7]         |   34.021|
io_dip[14]     |io_led[14]     |   10.678|
io_dip[14]     |led[0]         |   35.006|
io_dip[14]     |led[1]         |   35.010|
io_dip[14]     |led[2]         |   35.182|
io_dip[14]     |led[3]         |   35.153|
io_dip[14]     |led[4]         |   34.910|
io_dip[14]     |led[5]         |   34.969|
io_dip[14]     |led[6]         |   34.814|
io_dip[14]     |led[7]         |   34.820|
io_dip[15]     |io_led[15]     |   13.075|
io_dip[15]     |led[0]         |   35.155|
io_dip[15]     |led[1]         |   35.159|
io_dip[15]     |led[2]         |   35.331|
io_dip[15]     |led[3]         |   35.302|
io_dip[15]     |led[4]         |   35.059|
io_dip[15]     |led[5]         |   35.118|
io_dip[15]     |led[6]         |   34.963|
io_dip[15]     |led[7]         |   34.969|
io_dip[16]     |io_led[16]     |   10.841|
io_dip[16]     |led[0]         |   15.115|
io_dip[16]     |led[1]         |   15.119|
io_dip[16]     |led[2]         |   15.291|
io_dip[16]     |led[3]         |   15.262|
io_dip[16]     |led[4]         |   15.019|
io_dip[16]     |led[5]         |   15.078|
io_dip[16]     |led[6]         |   14.999|
io_dip[16]     |led[7]         |   14.991|
io_dip[17]     |io_led[17]     |   10.627|
io_dip[17]     |led[0]         |   14.660|
io_dip[17]     |led[1]         |   14.664|
io_dip[17]     |led[2]         |   15.160|
io_dip[17]     |led[3]         |   15.124|
io_dip[17]     |led[4]         |   14.827|
io_dip[17]     |led[5]         |   14.886|
io_dip[17]     |led[6]         |   14.731|
io_dip[17]     |led[7]         |   14.737|
io_dip[18]     |io_led[18]     |   12.023|
io_dip[19]     |io_led[19]     |   11.544|
io_dip[20]     |io_led[20]     |   12.030|
io_dip[21]     |io_led[21]     |   11.510|
io_dip[22]     |io_led[22]     |   11.322|
io_dip[23]     |io_led[23]     |   10.477|
---------------+---------------+---------+


Analysis completed Mon Oct 17 15:17:56 2016 
--------------------------------------------------------------------------------

Trace Settings:
-------------------------
Trace Settings 

Peak Memory Usage: 221 MB



