--------------------------------------------------------------------------------
Release 14.7 Trace  (nt64)
Copyright (c) 1995-2013 Xilinx, Inc.  All rights reserved.

C:\Xilinx\14.7\ISE_DS\ISE\bin\nt64\unwrapped\trce.exe -intstyle ise -o
mojo_top_0.twr -v 30 -l 30 mojo_top_0_routed.ncd mojo_top_0.pcf

Design file:              mojo_top_0_routed.ncd
Physical constraint file: mojo_top_0.pcf
Device,package,speed:     xc6slx9,tqg144,C,-2 (PRODUCTION 1.23 2013-10-13)
Report level:             verbose report, limited to 30 items per constraint

Environment Variable      Effect 
--------------------      ------ 
NONE                      No environment variables were set
--------------------------------------------------------------------------------

INFO:Timing:2698 - No timing constraints found, doing default enumeration.
INFO:Timing:3412 - To improve timing, see the Timing Closure User Guide (UG612).
INFO:Timing:2752 - To get complete path coverage, use the unconstrained paths 
   option. All paths that are not constrained will be reported in the 
   unconstrained paths section(s) of the report.
INFO:Timing:3339 - The clock-to-out numbers in this timing report are based on 
   a 50 Ohm transmission line loading model.  For the details of this model, 
   and for more information on accounting for different loading conditions, 
   please see the device datasheet.



Data Sheet report:
-----------------
All values displayed in nanoseconds (ns)

Pad to Pad
---------------+---------------+---------+
Source Pad     |Destination Pad|  Delay  |
---------------+---------------+---------+
io_dip[0]      |io_led[0]      |    9.326|
io_dip[0]      |led[0]         |   15.116|
io_dip[0]      |led[1]         |   13.337|
io_dip[0]      |led[2]         |   14.213|
io_dip[0]      |led[3]         |   13.922|
io_dip[0]      |led[4]         |   14.168|
io_dip[0]      |led[5]         |   14.289|
io_dip[0]      |led[6]         |   14.537|
io_dip[0]      |led[7]         |   13.628|
io_dip[1]      |io_led[1]      |    9.447|
io_dip[1]      |led[0]         |   14.553|
io_dip[1]      |led[1]         |   14.013|
io_dip[1]      |led[2]         |   14.405|
io_dip[1]      |led[3]         |   13.986|
io_dip[1]      |led[4]         |   14.917|
io_dip[1]      |led[5]         |   15.039|
io_dip[1]      |led[6]         |   14.997|
io_dip[1]      |led[7]         |   14.073|
io_dip[2]      |io_led[2]      |   11.196|
io_dip[2]      |led[0]         |   14.747|
io_dip[2]      |led[1]         |   12.532|
io_dip[2]      |led[2]         |   14.646|
io_dip[2]      |led[3]         |   14.270|
io_dip[2]      |led[4]         |   14.452|
io_dip[2]      |led[5]         |   14.525|
io_dip[2]      |led[6]         |   14.686|
io_dip[2]      |led[7]         |   14.543|
io_dip[3]      |io_led[3]      |   10.656|
io_dip[3]      |led[0]         |   14.429|
io_dip[3]      |led[1]         |   14.417|
io_dip[3]      |led[2]         |   14.586|
io_dip[3]      |led[3]         |   14.759|
io_dip[3]      |led[4]         |   14.410|
io_dip[3]      |led[5]         |   13.709|
io_dip[3]      |led[6]         |   15.898|
io_dip[3]      |led[7]         |   13.895|
io_dip[4]      |io_led[4]      |   10.150|
io_dip[4]      |led[0]         |   14.044|
io_dip[4]      |led[1]         |   14.268|
io_dip[4]      |led[2]         |   14.437|
io_dip[4]      |led[3]         |   14.610|
io_dip[4]      |led[4]         |   14.261|
io_dip[4]      |led[5]         |   13.560|
io_dip[4]      |led[6]         |   15.749|
io_dip[4]      |led[7]         |   13.746|
io_dip[5]      |io_led[5]      |   10.517|
io_dip[5]      |led[0]         |   14.458|
io_dip[5]      |led[1]         |   14.302|
io_dip[5]      |led[2]         |   14.471|
io_dip[5]      |led[3]         |   14.644|
io_dip[5]      |led[4]         |   14.295|
io_dip[5]      |led[5]         |   13.594|
io_dip[5]      |led[6]         |   15.783|
io_dip[5]      |led[7]         |   13.780|
io_dip[6]      |io_led[6]      |   11.233|
io_dip[6]      |led[0]         |   14.168|
io_dip[6]      |led[1]         |   14.577|
io_dip[6]      |led[2]         |   14.746|
io_dip[6]      |led[3]         |   14.919|
io_dip[6]      |led[4]         |   14.570|
io_dip[6]      |led[5]         |   13.869|
io_dip[6]      |led[6]         |   16.058|
io_dip[6]      |led[7]         |   14.055|
io_dip[7]      |io_led[7]      |   10.549|
io_dip[7]      |led[0]         |   13.871|
io_dip[7]      |led[1]         |   14.280|
io_dip[7]      |led[2]         |   14.449|
io_dip[7]      |led[3]         |   14.622|
io_dip[7]      |led[4]         |   14.273|
io_dip[7]      |led[5]         |   13.572|
io_dip[7]      |led[6]         |   15.761|
io_dip[7]      |led[7]         |   13.758|
io_dip[8]      |io_led[8]      |   10.458|
io_dip[8]      |led[0]         |   14.626|
io_dip[8]      |led[1]         |   13.545|
io_dip[8]      |led[2]         |   14.236|
io_dip[8]      |led[3]         |   13.391|
io_dip[8]      |led[4]         |   14.374|
io_dip[8]      |led[5]         |   12.905|
io_dip[8]      |led[6]         |   14.828|
io_dip[8]      |led[7]         |   13.146|
io_dip[9]      |io_led[9]      |   11.638|
io_dip[9]      |led[0]         |   15.308|
io_dip[9]      |led[1]         |   13.612|
io_dip[9]      |led[2]         |   14.691|
io_dip[9]      |led[3]         |   14.000|
io_dip[9]      |led[4]         |   15.238|
io_dip[9]      |led[5]         |   13.857|
io_dip[9]      |led[6]         |   14.814|
io_dip[9]      |led[7]         |   14.098|
io_dip[10]     |io_led[10]     |   11.728|
io_dip[10]     |led[0]         |   14.815|
io_dip[10]     |led[1]         |   13.269|
io_dip[10]     |led[2]         |   14.515|
io_dip[10]     |led[3]         |   14.232|
io_dip[10]     |led[4]         |   14.775|
io_dip[10]     |led[5]         |   14.666|
io_dip[10]     |led[6]         |   14.499|
io_dip[10]     |led[7]         |   14.002|
io_dip[11]     |io_led[11]     |   11.939|
io_dip[11]     |led[0]         |   15.620|
io_dip[11]     |led[1]         |   13.641|
io_dip[11]     |led[2]         |   14.832|
io_dip[11]     |led[3]         |   14.251|
io_dip[11]     |led[4]         |   14.852|
io_dip[11]     |led[5]         |   15.547|
io_dip[11]     |led[6]         |   15.257|
io_dip[11]     |led[7]         |   14.410|
io_dip[12]     |io_led[12]     |   11.557|
io_dip[12]     |led[0]         |   13.918|
io_dip[12]     |led[1]         |   12.929|
io_dip[12]     |led[2]         |   13.429|
io_dip[12]     |led[3]         |   14.384|
io_dip[12]     |led[4]         |   13.799|
io_dip[12]     |led[5]         |   13.448|
io_dip[12]     |led[6]         |   13.281|
io_dip[12]     |led[7]         |   14.424|
io_dip[13]     |io_led[13]     |   10.720|
io_dip[13]     |led[0]         |   13.716|
io_dip[13]     |led[1]         |   12.342|
io_dip[13]     |led[2]         |   13.024|
io_dip[13]     |led[3]         |   13.634|
io_dip[13]     |led[4]         |   13.422|
io_dip[13]     |led[5]         |   13.849|
io_dip[13]     |led[6]         |   13.559|
io_dip[13]     |led[7]         |   13.244|
io_dip[14]     |io_led[14]     |   10.835|
io_dip[14]     |led[0]         |   13.543|
io_dip[14]     |led[1]         |   12.960|
io_dip[14]     |led[2]         |   14.008|
io_dip[14]     |led[3]         |   14.108|
io_dip[14]     |led[4]         |   13.358|
io_dip[14]     |led[5]         |   13.160|
io_dip[14]     |led[6]         |   13.273|
io_dip[14]     |led[7]         |   14.719|
io_dip[15]     |io_led[15]     |   10.907|
io_dip[15]     |led[0]         |   13.593|
io_dip[15]     |led[1]         |   12.483|
io_dip[15]     |led[2]         |   13.290|
io_dip[15]     |led[3]         |   11.458|
io_dip[15]     |led[4]         |   12.811|
io_dip[15]     |led[5]         |   12.683|
io_dip[15]     |led[6]         |   13.255|
io_dip[15]     |led[7]         |   12.652|
io_dip[16]     |io_led[16]     |   11.010|
io_dip[16]     |led[0]         |   16.341|
io_dip[16]     |led[1]         |   14.444|
io_dip[16]     |led[2]         |   15.438|
io_dip[16]     |led[3]         |   16.837|
io_dip[16]     |led[4]         |   14.989|
io_dip[16]     |led[5]         |   14.612|
io_dip[16]     |led[6]         |   15.627|
io_dip[16]     |led[7]         |   14.853|
io_dip[17]     |io_led[17]     |   11.029|
io_dip[17]     |led[0]         |   16.026|
io_dip[17]     |led[1]         |   16.181|
io_dip[17]     |led[2]         |   15.708|
io_dip[17]     |led[3]         |   17.583|
io_dip[17]     |led[4]         |   15.287|
io_dip[17]     |led[5]         |   16.381|
io_dip[17]     |led[6]         |   16.178|
io_dip[17]     |led[7]         |   14.861|
io_dip[18]     |io_led[18]     |   12.028|
io_dip[18]     |led[0]         |   15.347|
io_dip[18]     |led[1]         |   14.719|
io_dip[18]     |led[2]         |   14.981|
io_dip[18]     |led[3]         |   14.956|
io_dip[18]     |led[4]         |   14.369|
io_dip[18]     |led[5]         |   14.768|
io_dip[18]     |led[6]         |   14.617|
io_dip[18]     |led[7]         |   14.451|
io_dip[19]     |io_led[19]     |   11.720|
io_dip[19]     |led[0]         |   14.531|
io_dip[19]     |led[1]         |   14.183|
io_dip[19]     |led[2]         |   14.559|
io_dip[19]     |led[3]         |   14.623|
io_dip[19]     |led[4]         |   14.418|
io_dip[19]     |led[5]         |   14.819|
io_dip[19]     |led[6]         |   14.695|
io_dip[19]     |led[7]         |   14.375|
io_dip[20]     |io_led[20]     |   11.825|
io_dip[20]     |led[0]         |   13.968|
io_dip[20]     |led[1]         |   14.457|
io_dip[20]     |led[2]         |   14.384|
io_dip[20]     |led[3]         |   14.136|
io_dip[20]     |led[4]         |   16.221|
io_dip[20]     |led[5]         |   15.035|
io_dip[20]     |led[6]         |   14.472|
io_dip[20]     |led[7]         |   15.502|
io_dip[21]     |io_led[21]     |   11.514|
io_dip[21]     |led[0]         |   18.586|
io_dip[21]     |led[1]         |   17.368|
io_dip[21]     |led[2]         |   17.908|
io_dip[21]     |led[3]         |   17.381|
io_dip[21]     |led[4]         |   19.011|
io_dip[21]     |led[5]         |   17.010|
io_dip[21]     |led[6]         |   17.521|
io_dip[21]     |led[7]         |   16.867|
io_dip[22]     |io_led[22]     |   11.322|
io_dip[23]     |io_led[23]     |   10.477|
---------------+---------------+---------+


Analysis completed Fri Oct 21 10:51:41 2016 
--------------------------------------------------------------------------------

Trace Settings:
-------------------------
Trace Settings 

Peak Memory Usage: 220 MB



